2026-06-12 14:53:07,585 - __main__ - INFO - ======================================================================
2026-06-12 14:53:07,585 - __main__ - INFO - FIFA SHADOW COACH - LIVE GAME RUNNER SERVICE STARTING
2026-06-12 14:53:07,585 - __main__ - INFO - ======================================================================
2026-06-12 14:53:07,586 - match_scheduler - INFO - Monitor loop started
2026-06-12 14:53:07,586 - match_scheduler - INFO - Match scheduler started (monitoring thread running)
2026-06-12 14:53:07,588 - realtime_updater - INFO - Real-time update loop started
2026-06-12 14:53:07,588 - realtime_updater - INFO - Real-time updater started
2026-06-12 14:53:08,039 - data_fetcher - INFO - Fetched 2 matches from FIFA World Cup (fifa.world)
2026-06-12 14:53:08,326 - data_fetcher - INFO - Fetched 1 matches from International Friendlies (fifa.friendly)
2026-06-12 14:58:07,593 - __main__ - INFO - Status: 0 active, 0 archived, Streamlit: OFF
2026-06-12 14:58:09,013 - data_fetcher - INFO - Fetched 2 matches from FIFA World Cup (fifa.world)
2026-06-12 14:58:09,534 - data_fetcher - INFO - Fetched 1 matches from International Friendlies (fifa.friendly)
2026-06-12 15:03:07,622 - __main__ - INFO - Status: 0 active, 0 archived, Streamlit: OFF
2026-06-12 15:03:10,167 - data_fetcher - INFO - Fetched 2 matches from FIFA World Cup (fifa.world)
2026-06-12 15:03:10,678 - data_fetcher - INFO - Fetched 1 matches from International Friendlies (fifa.friendly)
2026-06-12 15:08:07,637 - __main__ - INFO - Status: 0 active, 0 archived, Streamlit: OFF
2026-06-12 15:08:11,327 - data_fetcher - INFO - Fetched 2 matches from FIFA World Cup (fifa.world)
2026-06-12 15:08:11,892 - data_fetcher - INFO - Fetched 1 matches from International Friendlies (fifa.friendly)
2026-06-12 16:34:16,748 - __main__ - INFO - Status: 0 active, 0 archived, Streamlit: OFF
2026-06-12 16:34:21,330 - data_fetcher - INFO - Fetched 2 matches from FIFA World Cup (fifa.world)
2026-06-12 16:34:24,053 - data_fetcher - INFO - Fetched 1 matches from International Friendlies (fifa.friendly)
2026-06-12 16:39:17,725 - __main__ - INFO - Status: 0 active, 0 archived, Streamlit: OFF
2026-06-12 16:39:25,510 - data_fetcher - INFO - Fetched 2 matches from FIFA World Cup (fifa.world)
2026-06-12 16:39:26,524 - data_fetcher - INFO - Fetched 1 matches from International Friendlies (fifa.friendly)
2026-06-12 16:44:17,759 - __main__ - INFO - Status: 0 active, 0 archived, Streamlit: OFF
2026-06-12 16:44:27,611 - data_fetcher - INFO - Fetched 2 matches from FIFA World Cup (fifa.world)
2026-06-12 16:44:28,622 - data_fetcher - INFO - Fetched 1 matches from International Friendlies (fifa.friendly)
2026-06-12 16:49:17,761 - __main__ - INFO - Status: 0 active, 0 archived, Streamlit: OFF
2026-06-12 16:49:29,799 - data_fetcher - INFO - Fetched 2 matches from FIFA World Cup (fifa.world)
2026-06-12 16:49:30,832 - data_fetcher - INFO - Fetched 1 matches from International Friendlies (fifa.friendly)
2026-06-12 16:54:17,765 - __main__ - INFO - Status: 0 active, 0 archived, Streamlit: OFF
2026-06-12 16:54:31,935 - data_fetcher - INFO - Fetched 2 matches from FIFA World Cup (fifa.world)
2026-06-12 16:54:32,976 - data_fetcher - INFO - Fetched 1 matches from International Friendlies (fifa.friendly)
2026-06-12 16:59:17,801 - __main__ - INFO - Status: 0 active, 0 archived, Streamlit: OFF
2026-06-12 16:59:34,340 - data_fetcher - INFO - Fetched 2 matches from FIFA World Cup (fifa.world)
2026-06-12 16:59:35,424 - data_fetcher - INFO - Fetched 1 matches from International Friendlies (fifa.friendly)
2026-06-12 17:04:17,832 - __main__ - INFO - Status: 0 active, 0 archived, Streamlit: OFF
2026-06-12 17:04:36,604 - data_fetcher - INFO - Fetched 2 matches from FIFA World Cup (fifa.world)
2026-06-12 17:04:37,652 - data_fetcher - INFO - Fetched 1 matches from International Friendlies (fifa.friendly)
2026-06-12 17:09:17,837 - __main__ - INFO - Status: 0 active, 0 archived, Streamlit: OFF
2026-06-12 17:09:38,797 - data_fetcher - INFO - Fetched 2 matches from FIFA World Cup (fifa.world)
2026-06-12 17:09:39,841 - data_fetcher - INFO - Fetched 1 matches from International Friendlies (fifa.friendly)
2026-06-12 17:14:17,841 - __main__ - INFO - Status: 0 active, 0 archived, Streamlit: OFF
2026-06-12 17:14:40,928 - data_fetcher - INFO - Fetched 2 matches from FIFA World Cup (fifa.world)
2026-06-12 17:14:41,951 - data_fetcher - INFO - Fetched 1 matches from International Friendlies (fifa.friendly)
2026-06-12 17:19:17,846 - __main__ - INFO - Status: 0 active, 0 archived, Streamlit: OFF
2026-06-12 17:19:43,066 - data_fetcher - INFO - Fetched 2 matches from FIFA World Cup (fifa.world)
2026-06-12 17:19:44,098 - data_fetcher - INFO - Fetched 1 matches from International Friendlies (fifa.friendly)
2026-06-12 17:24:17,857 - __main__ - INFO - Status: 0 active, 0 archived, Streamlit: OFF
2026-06-12 17:24:55,150 - data_fetcher - ERROR - ESPN fetch failed for fifa.world: HTTPSConnectionPool(host='site.api.espn.com', port=443): Read timed out. (read timeout=10)
2026-06-12 17:24:56,184 - data_fetcher - INFO - Fetched 1 matches from International Friendlies (fifa.friendly)
2026-06-12 17:29:17,860 - __main__ - INFO - Status: 0 active, 0 archived, Streamlit: OFF
2026-06-12 17:29:57,217 - data_fetcher - INFO - Fetched 2 matches from FIFA World Cup (fifa.world)
2026-06-12 17:29:58,154 - data_fetcher - INFO - Fetched 1 matches from International Friendlies (fifa.friendly)
2026-06-12 17:34:17,888 - __main__ - INFO - Status: 0 active, 0 archived, Streamlit: OFF
2026-06-12 17:34:59,374 - data_fetcher - INFO - Fetched 2 matches from FIFA World Cup (fifa.world)
2026-06-12 17:35:00,527 - data_fetcher - INFO - Fetched 1 matches from International Friendlies (fifa.friendly)
2026-06-12 17:39:17,901 - __main__ - INFO - Status: 0 active, 0 archived, Streamlit: OFF
2026-06-12 17:40:01,715 - data_fetcher - INFO - Fetched 2 matches from FIFA World Cup (fifa.world)
2026-06-12 17:40:02,777 - data_fetcher - INFO - Fetched 1 matches from International Friendlies (fifa.friendly)
2026-06-12 17:44:17,905 - __main__ - INFO - Status: 0 active, 0 archived, Streamlit: OFF
2026-06-12 17:45:04,052 - data_fetcher - INFO - Fetched 2 matches from FIFA World Cup (fifa.world)
2026-06-12 17:45:05,068 - data_fetcher - INFO - Fetched 1 matches from International Friendlies (fifa.friendly)
2026-06-12 17:49:17,914 - __main__ - INFO - Status: 0 active, 0 archived, Streamlit: OFF
2026-06-12 17:50:05,642 - data_fetcher - INFO - Fetched 2 matches from FIFA World Cup (fifa.world)
2026-06-12 17:50:06,058 - data_fetcher - INFO - Fetched 1 matches from International Friendlies (fifa.friendly)
2026-06-12 17:54:17,920 - __main__ - INFO - Status: 0 active, 0 archived, Streamlit: OFF
2026-06-12 17:55:06,625 - data_fetcher - INFO - Fetched 2 matches from FIFA World Cup (fifa.world)
2026-06-12 17:55:07,169 - data_fetcher - INFO - Fetched 1 matches from International Friendlies (fifa.friendly)
2026-06-12 18:12:22,777 - __main__ - INFO - ======================================================================
2026-06-12 18:12:22,778 - __main__ - INFO - FIFA SHADOW COACH - LIVE GAME RUNNER SERVICE STARTING
2026-06-12 18:12:22,778 - __main__ - INFO - ======================================================================
2026-06-12 18:12:22,778 - match_scheduler - INFO - Monitor loop started
2026-06-12 18:12:22,779 - match_scheduler - INFO - Match scheduler started (monitoring thread running)
2026-06-12 18:12:22,779 - realtime_updater - INFO - Real-time update loop started
2026-06-12 18:12:22,779 - realtime_updater - INFO - Real-time updater started
2026-06-12 18:12:23,386 - data_fetcher - INFO - Fetched 2 matches from FIFA World Cup (fifa.world)
2026-06-12 18:12:23,757 - data_fetcher - INFO - Fetched 1 matches from International Friendlies (fifa.friendly)
2026-06-12 18:12:23,758 - match_scheduler - INFO - Found 1 upcoming matches in next 2 hours
2026-06-12 18:17:22,780 - __main__ - INFO - Status: 0 active, 0 archived, Streamlit: OFF
2026-06-12 18:17:24,276 - data_fetcher - INFO - Fetched 2 matches from FIFA World Cup (fifa.world)
2026-06-12 18:17:24,559 - data_fetcher - INFO - Fetched 1 matches from International Friendlies (fifa.friendly)
2026-06-12 18:17:24,561 - match_scheduler - INFO - Found 1 upcoming matches in next 2 hours
2026-06-12 18:22:22,781 - __main__ - INFO - Status: 0 active, 0 archived, Streamlit: OFF
2026-06-12 18:22:24,919 - data_fetcher - INFO - Fetched 2 matches from FIFA World Cup (fifa.world)
2026-06-12 18:22:25,200 - data_fetcher - INFO - Fetched 1 matches from International Friendlies (fifa.friendly)
2026-06-12 18:22:25,202 - match_scheduler - INFO - Found 1 upcoming matches in next 2 hours
2026-06-12 18:27:22,805 - __main__ - INFO - Status: 0 active, 0 archived, Streamlit: OFF
2026-06-12 18:27:25,829 - data_fetcher - INFO - Fetched 2 matches from FIFA World Cup (fifa.world)
2026-06-12 18:27:26,433 - data_fetcher - INFO - Fetched 1 matches from International Friendlies (fifa.friendly)
2026-06-12 18:27:26,434 - match_scheduler - INFO - Found 1 upcoming matches in next 2 hours
2026-06-22 20:40:31,573 - __main__ - INFO - ======================================================================
2026-06-22 20:40:31,574 - __main__ - INFO - FIFA SHADOW COACH - LIVE GAME RUNNER SERVICE STARTING
2026-06-22 20:40:31,574 - __main__ - INFO - ======================================================================
2026-06-22 20:40:31,574 - match_scheduler - INFO - Monitor loop started
2026-06-22 20:40:31,576 - match_scheduler - INFO - Match scheduler started (monitoring thread running)
2026-06-22 20:40:31,576 - realtime_updater - INFO - Real-time update loop started
2026-06-22 20:40:31,576 - realtime_updater - INFO - Real-time updater started
2026-06-22 20:40:32,274 - data_fetcher - INFO - Fetched 4 matches from FIFA World Cup (fifa.world)
2026-06-22 20:40:32,649 - data_fetcher - INFO - Fetched 1 matches from International Friendlies (fifa.friendly)
2026-06-22 20:40:32,650 - match_scheduler - INFO - Found 1 upcoming matches in next 2 hours
2026-06-22 20:45:31,605 - __main__ - INFO - Status: 0 active, 0 archived, Streamlit: OFF
2026-06-22 20:45:33,326 - data_fetcher - INFO - Fetched 4 matches from FIFA World Cup (fifa.world)
2026-06-22 20:45:33,832 - data_fetcher - INFO - Fetched 1 matches from International Friendlies (fifa.friendly)
2026-06-22 20:45:33,835 - match_scheduler - INFO - Found 1 upcoming matches in next 2 hours
2026-06-22 20:50:31,646 - __main__ - INFO - Status: 0 active, 0 archived, Streamlit: OFF
2026-06-22 20:50:34,779 - data_fetcher - INFO - Fetched 4 matches from FIFA World Cup (fifa.world)
2026-06-22 20:50:35,550 - data_fetcher - INFO - Fetched 1 matches from International Friendlies (fifa.friendly)
2026-06-22 20:50:35,551 - match_scheduler - INFO - Found 1 upcoming matches in next 2 hours
2026-06-22 20:55:31,653 - __main__ - INFO - Status: 0 active, 0 archived, Streamlit: OFF
2026-06-22 20:55:36,150 - data_fetcher - INFO - Fetched 4 matches from FIFA World Cup (fifa.world)
2026-06-22 20:55:36,598 - data_fetcher - INFO - Fetched 1 matches from International Friendlies (fifa.friendly)
2026-06-22 20:55:36,600 - match_scheduler - INFO - Found 1 upcoming matches in next 2 hours
2026-06-22 21:00:31,657 - __main__ - INFO - Status: 0 active, 0 archived, Streamlit: OFF
2026-06-22 21:00:37,021 - data_fetcher - INFO - Fetched 4 matches from FIFA World Cup (fifa.world)
2026-06-22 21:00:37,460 - data_fetcher - INFO - Fetched 1 matches from International Friendlies (fifa.friendly)
2026-06-22 21:00:37,461 - match_scheduler - INFO - Found 1 upcoming matches in next 2 hours
2026-06-22 21:05:31,674 - __main__ - INFO - Status: 0 active, 0 archived, Streamlit: OFF
2026-06-22 21:05:39,395 - data_fetcher - INFO - Fetched 4 matches from FIFA World Cup (fifa.world)
2026-06-22 21:05:41,636 - data_fetcher - INFO - Fetched 1 matches from International Friendlies (fifa.friendly)
2026-06-22 21:05:41,641 - match_scheduler - INFO - Found 1 upcoming matches in next 2 hours
2026-06-22 21:10:31,746 - __main__ - INFO - Status: 0 active, 0 archived, Streamlit: OFF
2026-06-22 21:10:45,736 - data_fetcher - INFO - Fetched 4 matches from FIFA World Cup (fifa.world)
2026-06-22 21:10:47,287 - data_fetcher - INFO - Fetched 1 matches from International Friendlies (fifa.friendly)
2026-06-22 21:10:47,291 - match_scheduler - INFO - Found 1 upcoming matches in next 2 hours
2026-06-22 21:15:31,833 - __main__ - INFO - Status: 0 active, 0 archived, Streamlit: OFF
2026-06-22 21:15:49,111 - data_fetcher - INFO - Fetched 4 matches from FIFA World Cup (fifa.world)
2026-06-22 21:15:50,649 - data_fetcher - INFO - Fetched 1 matches from International Friendlies (fifa.friendly)
2026-06-22 21:15:50,654 - match_scheduler - INFO - Found 1 upcoming matches in next 2 hours
2026-06-22 21:20:32,248 - __main__ - INFO - Status: 0 active, 0 archived, Streamlit: OFF
2026-06-22 21:20:53,515 - data_fetcher - INFO - Fetched 4 matches from FIFA World Cup (fifa.world)
2026-06-22 21:20:54,989 - data_fetcher - INFO - Fetched 1 matches from International Friendlies (fifa.friendly)
2026-06-22 21:20:54,994 - match_scheduler - INFO - Found 1 upcoming matches in next 2 hours
2026-06-22 21:25:32,706 - __main__ - INFO - Status: 0 active, 0 archived, Streamlit: OFF
2026-06-22 21:25:57,467 - data_fetcher - INFO - Fetched 4 matches from FIFA World Cup (fifa.world)
2026-06-22 21:25:58,801 - data_fetcher - INFO - Fetched 1 matches from International Friendlies (fifa.friendly)
2026-06-22 21:25:58,805 - match_scheduler - INFO - Found 1 upcoming matches in next 2 hours
